PIN-F2-IMPORT-HASH = 01714752eacda37a21fbcc0946c96be4f6b25d2a74b7bbe3da6fe0887df10077
PIN-SPLINE-IMPORT-HASH = b31e5a6b69e5bbd96bce07a8634fb9474672ec5d6538d929287193d83ecdc64d
PIN-SPLINE-LOADER prelude nodes = 21 (authorized list match: True)
PID = 24680 ; START = 2026-09-26T18:23:36.131546 ; CMDLINE = G:/PycharmProjects/pkp-worktree/p_konum_plus/calibration/f3_step2_adequacy_harness_r4_2026-09-24.py ; INTERPRETER = C:\Users\Neo\AppData\Local\Programs\Python\Python311\python.exe
RESTART_LAYER_ACTIVE = True
GRID_SIZES = P-01 731 ; P-02 261
FIXTURE_MANIFEST_SHA256 = c0b38cebcddfeded6423f0ca592c322272cf3e8ab0a16836c89a90eb1ffe11f8
MANIFEST_WRITTEN_BEFORE_EXECUTION = true
PRE_EXECUTION_CUSTODY_RECORD_VERIFIED = true (p_konum_plus/provenance/f3_step2_r4_preexecution_custody_2026-09-24.md)
DISPATCH_PRECONDITIONS_P1_P4 = ALL PASS (observed hashes equal pins; 5 instruments verified)
NR-01(i) = True (hash 6f197b74e3d42248393e5534efd25ef937d394d7fa50c7bcb81558cfcddd5403; telemetry-fields True)
NR-01(ii) [T-2a] = True (hybrid_canonical 6f197b74e3d42248393e5534efd25ef937d394d7fa50c7bcb81558cfcddd5403)
SPLINE_NONREGRESSION (NR-SPL) = True (30 rows)
T-LOADER-NODES = PASS (node-list equality asserted at load time; 73 node_hashes entries for 73 executed nodes)
T_MASK_FULL_EXT = {"pass_": true}
PIN-MASKED-OBJECTIVE full == frozen: True ; L_O<=L_FULL: True ; PIN-FEATURE-START-MASKED: True
T_A5_SUPPORT = {"threshold_equality_included": true, "next_float_below_excluded": true, "disconnected_components_united": true, "inside_left_true_L": true, "inside_left_false_R": true, "middle_false_both": true, "constant_reference_S_equals_G": true, "nan_reference_violates": true, "wrong_length_violates": true, "inf_reference_violates": true, "pass_": true}
A5_UNIT_TESTS = {"UT_A5_II_pass": true, "UT_A5_III_pass": true, "note": "unit tests; A.5(i) is exercised on the real path (S-1=(a)); these two probe A.5(ii)/(iii) directly"}
UT_PROBE_DECOUPLE = {"UT_PROBE_DECOUPLE_pass": true, "full_eligible": false, "probe_eligible": true, "probe_success_c4a": true, "rmse_computable": false, "second_half_v4_membership": [], "second_half_pass": true, "note": "first half: probe_success is probe-level only (X-04). second half RUNS this cycle (S-R2-1 = PI_RULE, D-5 S4(d)): the no-full-data-reference trajectory is absent from V4 by flag membership, checked through the real crit_stats + uset_c4b product path"}
UT_USET_CONSTRUCTION = {"a": {"ok": true, "U2": 9, "U5": 10, "expect": {"U2": 9, "U5": 10}}, "b": {"ok": true, "U5": 9, "expect": {"U5": 9}}, "c": {"ok": true, "U2": [1, 2, 3, 4, 5, 6, 7, 8, 9], "expect": {"U2_excludes": 0}}, "d": {"ok": true, "U4": [0, 1, 2, 3, 4, 5, 6, 7, 8, 9], "revalidation_flags_member": true, "expect": {"U4_includes": 0, "revalidation_flags_member": 0}}, "e": {"ok": true, "U2": [1, 2, 3, 4, 5, 6, 7, 8, 9], "U5": [1, 2, 3, 4, 5, 6, 7, 8, 9], "expect": {"U2_excludes": 0, "U5_excludes": 0}}}
T_COMPARATOR_NAN = {"guard_refuses_nan": true, "guard_refuses_none": true, "guard_refuses_inf": true, "guard_accepts_finite": true, "python_nan_comparison_is_resolved_like": true, "pass_": true, "note": "pass_ computed from the real guard's behavior, not a literal (R3A-04); the guard is the same _guarded_scalar_ok the D-P04 comparator calls in-product"}
T_STARTS_DEFAULT (FIX-STARTS-FULL) = {"P-01": {"start_bank_size": 732, "expected": 732, "pass_": true, "retained_count": 731, "feature_start_rejected": false}, "P-02": {"start_bank_size": 262, "expected": 262, "pass_": true, "retained_count": 261, "feature_start_rejected": false}}
T_STARTS_DUP (FIX-STARTS-DUP) = {"index0": {"feature_start_rejected": true, "reason": "DUPLICATE", "pass_": true}, "index145": {"feature_start_rejected": true, "reason": "DUPLICATE", "pass_": true}}
FIX_A5_TRUE = {"left": {"a5_i": true, "support_size": 15, "P-01": {"full_eligible": true, "probe_eligible": true, "probe_success_c4a": false, "excluded_from_c4a_numerator": true, "excluded_from_c4b_pair": true}, "P-02": {"full_eligible": true, "probe_eligible": true, "probe_success_c4a": false, "excluded_from_c4a_numerator": true, "excluded_from_c4b_pair": true}, "SPL": {"full_valid": true, "probe_valid": true, "probe_success_c4a": false, "excluded_from_c4a_numerator": true, "excluded_from_c4b_pair": true}, "pass_": true}, "right": {"a5_i": true, "support_size": 15, "P-01": {"full_eligible": true, "probe_eligible": true, "probe_success_c4a": false, "excluded_from_c4a_numerator": true, "excluded_from_c4b_pair": true}, "P-02": {"full_eligible": true, "probe_eligible": true, "probe_success_c4a": false, "excluded_from_c4a_numerator": true, "excluded_from_c4b_pair": true}, "SPL": {"full_valid": true, "probe_valid": true, "probe_success_c4a": false, "excluded_from_c4a_numerator": true, "excluded_from_c4b_pair": true}, "pass_": true}}
EXC_INJECTION_FIXTURES = {"S1": {"count": 1, "stages": [1], "pass_": true}, "S2": {"count": 2, "stages": [1, 2], "pass_": true}, "UNRELATED_TYPE": {"caught_not_crashed": true, "exception_type_recorded": "ValueError", "context_unverifiable": true, "pass_": true}, "passes_identical": true, "pass2": {"S1": {"count": 1, "stages": [1], "pass_": true}, "S2": {"count": 2, "stages": [1, 2], "pass_": true}, "UNRELATED_TYPE": {"caught_not_crashed": true, "exception_type_recorded": "ValueError", "context_unverifiable": true, "pass_": true}}}
UT_EXC_UNRELATED_REFERENCE = {"case_1a_propagated": true, "case_1b_propagated": true, "pass_": true}
PROGRESS SPL ctx 1 SCEN-A run2:F0:full
PROGRESS SPL ctx 2 SCEN-A run2:F0:fold0
PROGRESS SPL ctx 3 SCEN-A run2:F0:fold1
PROGRESS SPL ctx 4 SCEN-A run2:F0:fold2
PROGRESS SPL ctx 5 SCEN-A run2:F0:fold3
PROGRESS SPL ctx 6 SCEN-A run2:F0:fold4
PROGRESS SPL ctx 7 SCEN-A run2:F0:probeL
PROGRESS SPL ctx 8 SCEN-A run2:F0:probeR
PROGRESS SPL ctx 9 SCEN-A run2:M0:full
PROGRESS SPL ctx 10 SCEN-A run2:M0:fold0
PROGRESS SPL ctx 11 SCEN-A run2:M0:fold1
PROGRESS SPL ctx 12 SCEN-A run2:M0:fold2
PROGRESS SPL ctx 13 SCEN-A run2:M0:fold3
PROGRESS SPL ctx 14 SCEN-A run2:M0:fold4
PROGRESS SPL ctx 15 SCEN-A run2:M0:probeL
PROGRESS SPL ctx 16 SCEN-A run2:M0:probeR
PROGRESS SPL ctx 17 SCEN-B run2:F0:full
PROGRESS SPL ctx 18 SCEN-B run2:F0:fold0
PROGRESS SPL ctx 19 SCEN-B run2:F0:fold1
PROGRESS SPL ctx 20 SCEN-B run2:F0:fold2
PROGRESS SPL ctx 21 SCEN-B run2:F0:fold3
PROGRESS SPL ctx 22 SCEN-B run2:F0:fold4
PROGRESS SPL ctx 23 SCEN-B run2:F0:probeL
PROGRESS SPL ctx 24 SCEN-B run2:F0:probeR
PROGRESS SPL ctx 25 SCEN-B run2:M0:full
PROGRESS SPL ctx 26 SCEN-B run2:M0:fold0
PROGRESS SPL ctx 27 SCEN-B run2:M0:fold1
PROGRESS SPL ctx 28 SCEN-B run2:M0:fold2
PROGRESS SPL ctx 29 SCEN-B run2:M0:fold3
PROGRESS SPL ctx 30 SCEN-B run2:M0:fold4
PROGRESS SPL ctx 31 SCEN-B run2:M0:probeL
PROGRESS SPL ctx 32 SCEN-B run2:M0:probeR
EXC_CAPTURES_RUN1_EQ_RUN2 = True (run1=1, run2=1)
T_EXPECT_ALL = declared/ran 33/33 ; EXPECTATION_FAIL = []
T_SCHEMA = {"seen": {"fits.theta": true, "fits.L": true, "fits.start_bank_size": true, "fits.feature_start_rejected": true, "fits.mode": true, "fits.rss": true, "fits.equivalent_modes": true, "fits.per_mode_valid": true, "disc_f3_03_complement.C2": true, "disc_f3_03_complement.C3": true, "disc_f3_03_complement.C4b": true, "invalid_counts_by_criterion": true, "probe_failure_shares": true, "k05_result": true}, "missing": []}
EXC_CAPTURES (RUN1) = 1 record(s)
EXC_CAPTURES injected=0 natural=1
NATURAL_SOLVER_B_UNVERIFIABLE_ACCEPTANCE_EVENTS = [{"fixture": "SCEN-A", "sex": "F", "trajectory": 0, "mask_id": "run1:F0:full", "mode": 113, "stage": 2, "exception_type": "RuntimeError", "message": "Maximum number of iterations reached.", "traceback": "Traceback (most recent call last):\n  File \"G:\\PycharmProjects\\pkp-worktree\\p_konum_plus\\calibration\\f3_step2_adequacy_harness_r4_2026-09-24.py\", line 535, in wrapped_accept\n    return real_accept(c, z, O, A)\n           ^^^^^^^^^^^^^^^^^^^^^^^\n  File \"p_konum_plus/calibration/f3_spline_solver_qualification_harness_r2_2026-09-03.py\", line 313, in accept\n    res, _ = kkt_res(c, z, O, A)\n             ^^^^^^^^^^^^^^^^^^^\n  File \"p_konum_plus/calibration/f3_spline_solver_qualification_harness_r2_2026-09-03.py\", line 304, in kkt_res\n    _, res = nnls(A[act].T, g)\n             ^^^^^^^^^^^^^^^^^\n  File \"G:\\PycharmProjects\\pkp-worktree\\p_konum_plus\\calibration\\f3_step2_adequacy_harness_r4_2026-09-24.py\", line 639, in wrapped_nnls\n    return real_nnls(*args, **kwargs)\n           ^^^^^^^^^^^^^^^^^^^^^^^^^^\n  File \"C:\\Users\\Neo\\AppData\\Local\\Programs\\Python\\Python311\\Lib\\site-packages\\scipy\\optimize\\_nnls.py\", line 93, in nnls\n    raise RuntimeError(\"Maximum number of iterations reached.\")\nRuntimeError: Maximum number of iterations reached.\n", "kind": "COVERED", "phase": "run1", "pid": 27308, "start_iso": "2026-09-26T14:55:16.188961", "s2_rule": "alpha: NOT accepted at stage 2; chain continues"}]
NATURAL_UNRELATED_EVENTS = 0 ; exactness_findings = []
PIN-ACF bitwise-equal(all)=True strict-vs-(b),(c)(all)=True
RESIDUAL_SERIES_WRITTEN = p_konum_plus/calibration/f3_step2_residual_series_r4_2026-09-24.json sha256=3ee624f3a3e0ddb9acef9e0f23988417a308e8b003d756823b8a5c521afd9d4f
T_RESIDUAL_LINK_KEYS = 11
INJ-C1-FAIL mechanism = ONLY_P02_PASSES (p03={'P01': 'FAIL', 'P02': 'PASS'})
INJ-DP04-C1 mechanism (S-R2-1 PI_RULE) = RESOLVED_MECHANISM_P01
UNCONSULTED_NOT_RECOMPUTED_EVIDENCE (INJ-DP04-C2-DIVERGE) = {"C1": 0, "C2": 1, "C3": 0, "C4a": 0, "C4b": 0, "C5": 0, "C6": 0}
INJ-DP04-C2-DIVERGE |U2| = 8 confirmed (Y-02 membership-first)
INJ-U-POST-CONSTRUCTION-INVALID -> CONTRACT_VIOLATION_INCONSISTENT_U confirmed
INJ-C4B-NOREF mechanism (S-R2-1 PI_RULE) = TERMINAL_FALLBACK_MECHANISM_P01
SCEN-B mechanism (S-R2-1 PI_RULE; V4 empty in M) = STOP_BOTH_FAIL_REDESIGN
FIDELITY = 5/5 (implemented) ; 5/5 (executed) [declared injection sites]
RUN1_CANONICAL_SHA256 = 19454f656fa398dbe40e77e0656ec07f04549af9a01639730804f0dfbc5c88bf
RUN2_CANONICAL_SHA256 = bfa626a6fe38e78336a16a7e9402eeb9706a92bd2488ad61aca2910fb07baf7a
DETERMINISM = False
EXIT_CODE=1
