C:\Users\Neo\AppData\Local\Programs\Python\Python311\Lib\site-packages\scipy\optimize\_differentiable_functions.py:551: UserWarning: delta_grad == 0.0. Check if the approximated function is linear. If the function is linear better results can be obtained by defining the Hessian as zero instead of using quasi-Newton approximations.
  self.H.update(delta_x, delta_g)
C:\Users\Neo\AppData\Local\Programs\Python\Python311\Lib\site-packages\scipy\optimize\_differentiable_functions.py:316: UserWarning: delta_grad == 0.0. Check if the approximated function is linear. If the function is linear better results can be obtained by defining the Hessian as zero instead of using quasi-Newton approximations.
  self.H.update(self.x - self.x_prev, self.g - self.g_prev)
C:\Users\Neo\AppData\Local\Programs\Python\Python311\Lib\site-packages\scipy\optimize\_differentiable_functions.py:316: UserWarning: delta_grad == 0.0. Check if the approximated function is linear. If the function is linear better results can be obtained by defining the Hessian as zero instead of using quasi-Newton approximations.
  self.H.update(self.x - self.x_prev, self.g - self.g_prev)
C:\Users\Neo\AppData\Local\Programs\Python\Python311\Lib\site-packages\scipy\optimize\_differentiable_functions.py:316: UserWarning: delta_grad == 0.0. Check if the approximated function is linear. If the function is linear better results can be obtained by defining the Hessian as zero instead of using quasi-Newton approximations.
  self.H.update(self.x - self.x_prev, self.g - self.g_prev)
C:\Users\Neo\AppData\Local\Programs\Python\Python311\Lib\site-packages\scipy\optimize\_differentiable_functions.py:316: UserWarning: delta_grad == 0.0. Check if the approximated function is linear. If the function is linear better results can be obtained by defining the Hessian as zero instead of using quasi-Newton approximations.
  self.H.update(self.x - self.x_prev, self.g - self.g_prev)
C:\Users\Neo\AppData\Local\Programs\Python\Python311\Lib\site-packages\scipy\optimize\_differentiable_functions.py:316: UserWarning: delta_grad == 0.0. Check if the approximated function is linear. If the function is linear better results can be obtained by defining the Hessian as zero instead of using quasi-Newton approximations.
  self.H.update(self.x - self.x_prev, self.g - self.g_prev)
C:\Users\Neo\AppData\Local\Programs\Python\Python311\Lib\site-packages\scipy\optimize\_differentiable_functions.py:316: UserWarning: delta_grad == 0.0. Check if the approximated function is linear. If the function is linear better results can be obtained by defining the Hessian as zero instead of using quasi-Newton approximations.
  self.H.update(self.x - self.x_prev, self.g - self.g_prev)
C:\Users\Neo\AppData\Local\Programs\Python\Python311\Lib\site-packages\scipy\optimize\_differentiable_functions.py:316: UserWarning: delta_grad == 0.0. Check if the approximated function is linear. If the function is linear better results can be obtained by defining the Hessian as zero instead of using quasi-Newton approximations.
  self.H.update(self.x - self.x_prev, self.g - self.g_prev)
C:\Users\Neo\AppData\Local\Programs\Python\Python311\Lib\site-packages\scipy\optimize\_differentiable_functions.py:316: UserWarning: delta_grad == 0.0. Check if the approximated function is linear. If the function is linear better results can be obtained by defining the Hessian as zero instead of using quasi-Newton approximations.
  self.H.update(self.x - self.x_prev, self.g - self.g_prev)
C:\Users\Neo\AppData\Local\Programs\Python\Python311\Lib\site-packages\scipy\optimize\_differentiable_functions.py:316: UserWarning: delta_grad == 0.0. Check if the approximated function is linear. If the function is linear better results can be obtained by defining the Hessian as zero instead of using quasi-Newton approximations.
  self.H.update(self.x - self.x_prev, self.g - self.g_prev)
C:\Users\Neo\AppData\Local\Programs\Python\Python311\Lib\site-packages\scipy\optimize\_differentiable_functions.py:316: UserWarning: delta_grad == 0.0. Check if the approximated function is linear. If the function is linear better results can be obtained by defining the Hessian as zero instead of using quasi-Newton approximations.
  self.H.update(self.x - self.x_prev, self.g - self.g_prev)
C:\Users\Neo\AppData\Local\Programs\Python\Python311\Lib\site-packages\scipy\optimize\_differentiable_functions.py:316: UserWarning: delta_grad == 0.0. Check if the approximated function is linear. If the function is linear better results can be obtained by defining the Hessian as zero instead of using quasi-Newton approximations.
  self.H.update(self.x - self.x_prev, self.g - self.g_prev)
C:\Users\Neo\AppData\Local\Programs\Python\Python311\Lib\site-packages\scipy\optimize\_differentiable_functions.py:316: UserWarning: delta_grad == 0.0. Check if the approximated function is linear. If the function is linear better results can be obtained by defining the Hessian as zero instead of using quasi-Newton approximations.
  self.H.update(self.x - self.x_prev, self.g - self.g_prev)
C:\Users\Neo\AppData\Local\Programs\Python\Python311\Lib\site-packages\scipy\optimize\_differentiable_functions.py:316: UserWarning: delta_grad == 0.0. Check if the approximated function is linear. If the function is linear better results can be obtained by defining the Hessian as zero instead of using quasi-Newton approximations.
  self.H.update(self.x - self.x_prev, self.g - self.g_prev)
C:\Users\Neo\AppData\Local\Programs\Python\Python311\Lib\site-packages\scipy\optimize\_differentiable_functions.py:316: UserWarning: delta_grad == 0.0. Check if the approximated function is linear. If the function is linear better results can be obtained by defining the Hessian as zero instead of using quasi-Newton approximations.
  self.H.update(self.x - self.x_prev, self.g - self.g_prev)
C:\Users\Neo\AppData\Local\Programs\Python\Python311\Lib\site-packages\scipy\optimize\_differentiable_functions.py:316: UserWarning: delta_grad == 0.0. Check if the approximated function is linear. If the function is linear better results can be obtained by defining the Hessian as zero instead of using quasi-Newton approximations.
  self.H.update(self.x - self.x_prev, self.g - self.g_prev)
C:\Users\Neo\AppData\Local\Programs\Python\Python311\Lib\site-packages\scipy\optimize\_differentiable_functions.py:316: UserWarning: delta_grad == 0.0. Check if the approximated function is linear. If the function is linear better results can be obtained by defining the Hessian as zero instead of using quasi-Newton approximations.
  self.H.update(self.x - self.x_prev, self.g - self.g_prev)
C:\Users\Neo\AppData\Local\Programs\Python\Python311\Lib\site-packages\scipy\optimize\_differentiable_functions.py:316: UserWarning: delta_grad == 0.0. Check if the approximated function is linear. If the function is linear better results can be obtained by defining the Hessian as zero instead of using quasi-Newton approximations.
  self.H.update(self.x - self.x_prev, self.g - self.g_prev)
C:\Users\Neo\AppData\Local\Programs\Python\Python311\Lib\site-packages\scipy\optimize\_differentiable_functions.py:316: UserWarning: delta_grad == 0.0. Check if the approximated function is linear. If the function is linear better results can be obtained by defining the Hessian as zero instead of using quasi-Newton approximations.
  self.H.update(self.x - self.x_prev, self.g - self.g_prev)
C:\Users\Neo\AppData\Local\Programs\Python\Python311\Lib\site-packages\scipy\optimize\_differentiable_functions.py:316: UserWarning: delta_grad == 0.0. Check if the approximated function is linear. If the function is linear better results can be obtained by defining the Hessian as zero instead of using quasi-Newton approximations.
  self.H.update(self.x - self.x_prev, self.g - self.g_prev)
C:\Users\Neo\AppData\Local\Programs\Python\Python311\Lib\site-packages\scipy\optimize\_differentiable_functions.py:316: UserWarning: delta_grad == 0.0. Check if the approximated function is linear. If the function is linear better results can be obtained by defining the Hessian as zero instead of using quasi-Newton approximations.
  self.H.update(self.x - self.x_prev, self.g - self.g_prev)
C:\Users\Neo\AppData\Local\Programs\Python\Python311\Lib\site-packages\scipy\optimize\_differentiable_functions.py:316: UserWarning: delta_grad == 0.0. Check if the approximated function is linear. If the function is linear better results can be obtained by defining the Hessian as zero instead of using quasi-Newton approximations.
  self.H.update(self.x - self.x_prev, self.g - self.g_prev)
C:\Users\Neo\AppData\Local\Programs\Python\Python311\Lib\site-packages\scipy\optimize\_differentiable_functions.py:316: UserWarning: delta_grad == 0.0. Check if the approximated function is linear. If the function is linear better results can be obtained by defining the Hessian as zero instead of using quasi-Newton approximations.
  self.H.update(self.x - self.x_prev, self.g - self.g_prev)
C:\Users\Neo\AppData\Local\Programs\Python\Python311\Lib\site-packages\scipy\optimize\_differentiable_functions.py:316: UserWarning: delta_grad == 0.0. Check if the approximated function is linear. If the function is linear better results can be obtained by defining the Hessian as zero instead of using quasi-Newton approximations.
  self.H.update(self.x - self.x_prev, self.g - self.g_prev)
C:\Users\Neo\AppData\Local\Programs\Python\Python311\Lib\site-packages\scipy\optimize\_differentiable_functions.py:316: UserWarning: delta_grad == 0.0. Check if the approximated function is linear. If the function is linear better results can be obtained by defining the Hessian as zero instead of using quasi-Newton approximations.
  self.H.update(self.x - self.x_prev, self.g - self.g_prev)
C:\Users\Neo\AppData\Local\Programs\Python\Python311\Lib\site-packages\scipy\optimize\_differentiable_functions.py:551: UserWarning: delta_grad == 0.0. Check if the approximated function is linear. If the function is linear better results can be obtained by defining the Hessian as zero instead of using quasi-Newton approximations.
  self.H.update(delta_x, delta_g)
G:\PycharmProjects\pkp-worktree\p_konum_plus/calibration/f2_step2_feasibility_harness_r3_2026-09-01.py:110: RuntimeWarning: invalid value encountered in power
  -(np.abs(U_GRID - m) / s_r) ** beta,
C:\Users\Neo\AppData\Local\Programs\Python\Python311\Lib\site-packages\scipy\optimize\_differentiable_functions.py:316: UserWarning: delta_grad == 0.0. Check if the approximated function is linear. If the function is linear better results can be obtained by defining the Hessian as zero instead of using quasi-Newton approximations.
  self.H.update(self.x - self.x_prev, self.g - self.g_prev)
C:\Users\Neo\AppData\Local\Programs\Python\Python311\Lib\site-packages\scipy\optimize\_differentiable_functions.py:316: UserWarning: delta_grad == 0.0. Check if the approximated function is linear. If the function is linear better results can be obtained by defining the Hessian as zero instead of using quasi-Newton approximations.
  self.H.update(self.x - self.x_prev, self.g - self.g_prev)
C:\Users\Neo\AppData\Local\Programs\Python\Python311\Lib\site-packages\scipy\optimize\_differentiable_functions.py:316: UserWarning: delta_grad == 0.0. Check if the approximated function is linear. If the function is linear better results can be obtained by defining the Hessian as zero instead of using quasi-Newton approximations.
  self.H.update(self.x - self.x_prev, self.g - self.g_prev)
C:\Users\Neo\AppData\Local\Programs\Python\Python311\Lib\site-packages\scipy\optimize\_differentiable_functions.py:316: UserWarning: delta_grad == 0.0. Check if the approximated function is linear. If the function is linear better results can be obtained by defining the Hessian as zero instead of using quasi-Newton approximations.
  self.H.update(self.x - self.x_prev, self.g - self.g_prev)
C:\Users\Neo\AppData\Local\Programs\Python\Python311\Lib\site-packages\scipy\optimize\_differentiable_functions.py:316: UserWarning: delta_grad == 0.0. Check if the approximated function is linear. If the function is linear better results can be obtained by defining the Hessian as zero instead of using quasi-Newton approximations.
  self.H.update(self.x - self.x_prev, self.g - self.g_prev)
C:\Users\Neo\AppData\Local\Programs\Python\Python311\Lib\site-packages\scipy\optimize\_differentiable_functions.py:316: UserWarning: delta_grad == 0.0. Check if the approximated function is linear. If the function is linear better results can be obtained by defining the Hessian as zero instead of using quasi-Newton approximations.
  self.H.update(self.x - self.x_prev, self.g - self.g_prev)
C:\Users\Neo\AppData\Local\Programs\Python\Python311\Lib\site-packages\scipy\optimize\_differentiable_functions.py:316: UserWarning: delta_grad == 0.0. Check if the approximated function is linear. If the function is linear better results can be obtained by defining the Hessian as zero instead of using quasi-Newton approximations.
  self.H.update(self.x - self.x_prev, self.g - self.g_prev)
C:\Users\Neo\AppData\Local\Programs\Python\Python311\Lib\site-packages\scipy\optimize\_differentiable_functions.py:316: UserWarning: delta_grad == 0.0. Check if the approximated function is linear. If the function is linear better results can be obtained by defining the Hessian as zero instead of using quasi-Newton approximations.
  self.H.update(self.x - self.x_prev, self.g - self.g_prev)
C:\Users\Neo\AppData\Local\Programs\Python\Python311\Lib\site-packages\scipy\optimize\_differentiable_functions.py:316: UserWarning: delta_grad == 0.0. Check if the approximated function is linear. If the function is linear better results can be obtained by defining the Hessian as zero instead of using quasi-Newton approximations.
  self.H.update(self.x - self.x_prev, self.g - self.g_prev)
C:\Users\Neo\AppData\Local\Programs\Python\Python311\Lib\site-packages\scipy\optimize\_differentiable_functions.py:316: UserWarning: delta_grad == 0.0. Check if the approximated function is linear. If the function is linear better results can be obtained by defining the Hessian as zero instead of using quasi-Newton approximations.
  self.H.update(self.x - self.x_prev, self.g - self.g_prev)
C:\Users\Neo\AppData\Local\Programs\Python\Python311\Lib\site-packages\scipy\optimize\_differentiable_functions.py:316: UserWarning: delta_grad == 0.0. Check if the approximated function is linear. If the function is linear better results can be obtained by defining the Hessian as zero instead of using quasi-Newton approximations.
  self.H.update(self.x - self.x_prev, self.g - self.g_prev)
C:\Users\Neo\AppData\Local\Programs\Python\Python311\Lib\site-packages\scipy\optimize\_differentiable_functions.py:316: UserWarning: delta_grad == 0.0. Check if the approximated function is linear. If the function is linear better results can be obtained by defining the Hessian as zero instead of using quasi-Newton approximations.
  self.H.update(self.x - self.x_prev, self.g - self.g_prev)
C:\Users\Neo\AppData\Local\Programs\Python\Python311\Lib\site-packages\scipy\optimize\_differentiable_functions.py:316: UserWarning: delta_grad == 0.0. Check if the approximated function is linear. If the function is linear better results can be obtained by defining the Hessian as zero instead of using quasi-Newton approximations.
  self.H.update(self.x - self.x_prev, self.g - self.g_prev)
C:\Users\Neo\AppData\Local\Programs\Python\Python311\Lib\site-packages\scipy\optimize\_differentiable_functions.py:316: UserWarning: delta_grad == 0.0. Check if the approximated function is linear. If the function is linear better results can be obtained by defining the Hessian as zero instead of using quasi-Newton approximations.
  self.H.update(self.x - self.x_prev, self.g - self.g_prev)
C:\Users\Neo\AppData\Local\Programs\Python\Python311\Lib\site-packages\scipy\optimize\_differentiable_functions.py:316: UserWarning: delta_grad == 0.0. Check if the approximated function is linear. If the function is linear better results can be obtained by defining the Hessian as zero instead of using quasi-Newton approximations.
  self.H.update(self.x - self.x_prev, self.g - self.g_prev)
C:\Users\Neo\AppData\Local\Programs\Python\Python311\Lib\site-packages\scipy\optimize\_differentiable_functions.py:316: UserWarning: delta_grad == 0.0. Check if the approximated function is linear. If the function is linear better results can be obtained by defining the Hessian as zero instead of using quasi-Newton approximations.
  self.H.update(self.x - self.x_prev, self.g - self.g_prev)
C:\Users\Neo\AppData\Local\Programs\Python\Python311\Lib\site-packages\scipy\optimize\_differentiable_functions.py:316: UserWarning: delta_grad == 0.0. Check if the approximated function is linear. If the function is linear better results can be obtained by defining the Hessian as zero instead of using quasi-Newton approximations.
  self.H.update(self.x - self.x_prev, self.g - self.g_prev)
C:\Users\Neo\AppData\Local\Programs\Python\Python311\Lib\site-packages\scipy\optimize\_differentiable_functions.py:316: UserWarning: delta_grad == 0.0. Check if the approximated function is linear. If the function is linear better results can be obtained by defining the Hessian as zero instead of using quasi-Newton approximations.
  self.H.update(self.x - self.x_prev, self.g - self.g_prev)
C:\Users\Neo\AppData\Local\Programs\Python\Python311\Lib\site-packages\scipy\optimize\_differentiable_functions.py:316: UserWarning: delta_grad == 0.0. Check if the approximated function is linear. If the function is linear better results can be obtained by defining the Hessian as zero instead of using quasi-Newton approximations.
  self.H.update(self.x - self.x_prev, self.g - self.g_prev)
C:\Users\Neo\AppData\Local\Programs\Python\Python311\Lib\site-packages\scipy\optimize\_differentiable_functions.py:316: UserWarning: delta_grad == 0.0. Check if the approximated function is linear. If the function is linear better results can be obtained by defining the Hessian as zero instead of using quasi-Newton approximations.
  self.H.update(self.x - self.x_prev, self.g - self.g_prev)
C:\Users\Neo\AppData\Local\Programs\Python\Python311\Lib\site-packages\scipy\optimize\_differentiable_functions.py:316: UserWarning: delta_grad == 0.0. Check if the approximated function is linear. If the function is linear better results can be obtained by defining the Hessian as zero instead of using quasi-Newton approximations.
  self.H.update(self.x - self.x_prev, self.g - self.g_prev)
C:\Users\Neo\AppData\Local\Programs\Python\Python311\Lib\site-packages\scipy\optimize\_differentiable_functions.py:551: UserWarning: delta_grad == 0.0. Check if the approximated function is linear. If the function is linear better results can be obtained by defining the Hessian as zero instead of using quasi-Newton approximations.
  self.H.update(delta_x, delta_g)
C:\Users\Neo\AppData\Local\Programs\Python\Python311\Lib\site-packages\scipy\optimize\_differentiable_functions.py:316: UserWarning: delta_grad == 0.0. Check if the approximated function is linear. If the function is linear better results can be obtained by defining the Hessian as zero instead of using quasi-Newton approximations.
  self.H.update(self.x - self.x_prev, self.g - self.g_prev)
G:\PycharmProjects\pkp-worktree\p_konum_plus/calibration/f2_step2_feasibility_harness_r3_2026-09-01.py:110: RuntimeWarning: invalid value encountered in power
  -(np.abs(U_GRID - m) / s_r) ** beta,
C:\Users\Neo\AppData\Local\Programs\Python\Python311\Lib\site-packages\scipy\optimize\_differentiable_functions.py:316: UserWarning: delta_grad == 0.0. Check if the approximated function is linear. If the function is linear better results can be obtained by defining the Hessian as zero instead of using quasi-Newton approximations.
  self.H.update(self.x - self.x_prev, self.g - self.g_prev)
C:\Users\Neo\AppData\Local\Programs\Python\Python311\Lib\site-packages\scipy\optimize\_differentiable_functions.py:316: UserWarning: delta_grad == 0.0. Check if the approximated function is linear. If the function is linear better results can be obtained by defining the Hessian as zero instead of using quasi-Newton approximations.
  self.H.update(self.x - self.x_prev, self.g - self.g_prev)
C:\Users\Neo\AppData\Local\Programs\Python\Python311\Lib\site-packages\scipy\optimize\_differentiable_functions.py:316: UserWarning: delta_grad == 0.0. Check if the approximated function is linear. If the function is linear better results can be obtained by defining the Hessian as zero instead of using quasi-Newton approximations.
  self.H.update(self.x - self.x_prev, self.g - self.g_prev)
C:\Users\Neo\AppData\Local\Programs\Python\Python311\Lib\site-packages\scipy\optimize\_differentiable_functions.py:316: UserWarning: delta_grad == 0.0. Check if the approximated function is linear. If the function is linear better results can be obtained by defining the Hessian as zero instead of using quasi-Newton approximations.
  self.H.update(self.x - self.x_prev, self.g - self.g_prev)
C:\Users\Neo\AppData\Local\Programs\Python\Python311\Lib\site-packages\scipy\optimize\_differentiable_functions.py:316: UserWarning: delta_grad == 0.0. Check if the approximated function is linear. If the function is linear better results can be obtained by defining the Hessian as zero instead of using quasi-Newton approximations.
  self.H.update(self.x - self.x_prev, self.g - self.g_prev)
C:\Users\Neo\AppData\Local\Programs\Python\Python311\Lib\site-packages\scipy\optimize\_differentiable_functions.py:316: UserWarning: delta_grad == 0.0. Check if the approximated function is linear. If the function is linear better results can be obtained by defining the Hessian as zero instead of using quasi-Newton approximations.
  self.H.update(self.x - self.x_prev, self.g - self.g_prev)
C:\Users\Neo\AppData\Local\Programs\Python\Python311\Lib\site-packages\scipy\optimize\_differentiable_functions.py:316: UserWarning: delta_grad == 0.0. Check if the approximated function is linear. If the function is linear better results can be obtained by defining the Hessian as zero instead of using quasi-Newton approximations.
  self.H.update(self.x - self.x_prev, self.g - self.g_prev)
C:\Users\Neo\AppData\Local\Programs\Python\Python311\Lib\site-packages\scipy\optimize\_differentiable_functions.py:316: UserWarning: delta_grad == 0.0. Check if the approximated function is linear. If the function is linear better results can be obtained by defining the Hessian as zero instead of using quasi-Newton approximations.
  self.H.update(self.x - self.x_prev, self.g - self.g_prev)
C:\Users\Neo\AppData\Local\Programs\Python\Python311\Lib\site-packages\scipy\optimize\_differentiable_functions.py:316: UserWarning: delta_grad == 0.0. Check if the approximated function is linear. If the function is linear better results can be obtained by defining the Hessian as zero instead of using quasi-Newton approximations.
  self.H.update(self.x - self.x_prev, self.g - self.g_prev)
C:\Users\Neo\AppData\Local\Programs\Python\Python311\Lib\site-packages\scipy\optimize\_differentiable_functions.py:316: UserWarning: delta_grad == 0.0. Check if the approximated function is linear. If the function is linear better results can be obtained by defining the Hessian as zero instead of using quasi-Newton approximations.
  self.H.update(self.x - self.x_prev, self.g - self.g_prev)
C:\Users\Neo\AppData\Local\Programs\Python\Python311\Lib\site-packages\scipy\optimize\_differentiable_functions.py:316: UserWarning: delta_grad == 0.0. Check if the approximated function is linear. If the function is linear better results can be obtained by defining the Hessian as zero instead of using quasi-Newton approximations.
  self.H.update(self.x - self.x_prev, self.g - self.g_prev)
C:\Users\Neo\AppData\Local\Programs\Python\Python311\Lib\site-packages\scipy\optimize\_differentiable_functions.py:316: UserWarning: delta_grad == 0.0. Check if the approximated function is linear. If the function is linear better results can be obtained by defining the Hessian as zero instead of using quasi-Newton approximations.
  self.H.update(self.x - self.x_prev, self.g - self.g_prev)
C:\Users\Neo\AppData\Local\Programs\Python\Python311\Lib\site-packages\scipy\optimize\_differentiable_functions.py:316: UserWarning: delta_grad == 0.0. Check if the approximated function is linear. If the function is linear better results can be obtained by defining the Hessian as zero instead of using quasi-Newton approximations.
  self.H.update(self.x - self.x_prev, self.g - self.g_prev)
C:\Users\Neo\AppData\Local\Programs\Python\Python311\Lib\site-packages\scipy\optimize\_differentiable_functions.py:316: UserWarning: delta_grad == 0.0. Check if the approximated function is linear. If the function is linear better results can be obtained by defining the Hessian as zero instead of using quasi-Newton approximations.
  self.H.update(self.x - self.x_prev, self.g - self.g_prev)
C:\Users\Neo\AppData\Local\Programs\Python\Python311\Lib\site-packages\scipy\optimize\_differentiable_functions.py:316: UserWarning: delta_grad == 0.0. Check if the approximated function is linear. If the function is linear better results can be obtained by defining the Hessian as zero instead of using quasi-Newton approximations.
  self.H.update(self.x - self.x_prev, self.g - self.g_prev)
C:\Users\Neo\AppData\Local\Programs\Python\Python311\Lib\site-packages\scipy\optimize\_differentiable_functions.py:316: UserWarning: delta_grad == 0.0. Check if the approximated function is linear. If the function is linear better results can be obtained by defining the Hessian as zero instead of using quasi-Newton approximations.
  self.H.update(self.x - self.x_prev, self.g - self.g_prev)
C:\Users\Neo\AppData\Local\Programs\Python\Python311\Lib\site-packages\scipy\optimize\_differentiable_functions.py:316: UserWarning: delta_grad == 0.0. Check if the approximated function is linear. If the function is linear better results can be obtained by defining the Hessian as zero instead of using quasi-Newton approximations.
  self.H.update(self.x - self.x_prev, self.g - self.g_prev)
C:\Users\Neo\AppData\Local\Programs\Python\Python311\Lib\site-packages\scipy\optimize\_differentiable_functions.py:316: UserWarning: delta_grad == 0.0. Check if the approximated function is linear. If the function is linear better results can be obtained by defining the Hessian as zero instead of using quasi-Newton approximations.
  self.H.update(self.x - self.x_prev, self.g - self.g_prev)
C:\Users\Neo\AppData\Local\Programs\Python\Python311\Lib\site-packages\scipy\optimize\_differentiable_functions.py:316: UserWarning: delta_grad == 0.0. Check if the approximated function is linear. If the function is linear better results can be obtained by defining the Hessian as zero instead of using quasi-Newton approximations.
  self.H.update(self.x - self.x_prev, self.g - self.g_prev)
C:\Users\Neo\AppData\Local\Programs\Python\Python311\Lib\site-packages\scipy\optimize\_differentiable_functions.py:316: UserWarning: delta_grad == 0.0. Check if the approximated function is linear. If the function is linear better results can be obtained by defining the Hessian as zero instead of using quasi-Newton approximations.
  self.H.update(self.x - self.x_prev, self.g - self.g_prev)
C:\Users\Neo\AppData\Local\Programs\Python\Python311\Lib\site-packages\scipy\optimize\_differentiable_functions.py:316: UserWarning: delta_grad == 0.0. Check if the approximated function is linear. If the function is linear better results can be obtained by defining the Hessian as zero instead of using quasi-Newton approximations.
  self.H.update(self.x - self.x_prev, self.g - self.g_prev)
C:\Users\Neo\AppData\Local\Programs\Python\Python311\Lib\site-packages\scipy\optimize\_differentiable_functions.py:316: UserWarning: delta_grad == 0.0. Check if the approximated function is linear. If the function is linear better results can be obtained by defining the Hessian as zero instead of using quasi-Newton approximations.
  self.H.update(self.x - self.x_prev, self.g - self.g_prev)
C:\Users\Neo\AppData\Local\Programs\Python\Python311\Lib\site-packages\scipy\optimize\_differentiable_functions.py:316: UserWarning: delta_grad == 0.0. Check if the approximated function is linear. If the function is linear better results can be obtained by defining the Hessian as zero instead of using quasi-Newton approximations.
  self.H.update(self.x - self.x_prev, self.g - self.g_prev)
C:\Users\Neo\AppData\Local\Programs\Python\Python311\Lib\site-packages\scipy\optimize\_differentiable_functions.py:551: UserWarning: delta_grad == 0.0. Check if the approximated function is linear. If the function is linear better results can be obtained by defining the Hessian as zero instead of using quasi-Newton approximations.
  self.H.update(delta_x, delta_g)
G:\PycharmProjects\pkp-worktree\p_konum_plus/calibration/f2_step2_feasibility_harness_r3_2026-09-01.py:109: RuntimeWarning: invalid value encountered in power
  -(np.abs(m - U_GRID) / s_l) ** beta,
G:\PycharmProjects\pkp-worktree\p_konum_plus/calibration/f2_step2_feasibility_harness_r3_2026-09-01.py:110: RuntimeWarning: invalid value encountered in power
  -(np.abs(U_GRID - m) / s_r) ** beta,
